; Input Files
 "C:/Users/mis1mi/Documents/projects/nevs/mode_management/ParkBrake/ecu_config/bsw/gen/bswmd/CanIf_Cfg_BSWMD.arxml"
 "C:/Users/mis1mi/Documents/projects/nevs/mode_management/ParkBrake/ecu_config/bsw/gen/bswmd/CanSM_EOC.arxml"
 "C:/Users/mis1mi/Documents/projects/nevs/mode_management/ParkBrake/ecu_config/bsw/gen/bswmd/EcuM_BSWMD.arxml"
 "C:/Users/mis1mi/Documents/projects/nevs/mode_management/ParkBrake/system_config/Standard_Types.arxml"
 "C:/Users/mis1mi/Documents/projects/nevs/mode_management/ParkBrake/system_config/PlatformBaseOld_Types.arxml"
 "C:/Users/mis1mi/Documents/projects/nevs/mode_management/ParkBrake/ecu_config/bsw/gen/bswmd/BswM_Cfg_BSWMD.arxml"
 "C:/Users/mis1mi/Documents/projects/nevs/mode_management/ParkBrake/ecu_config/bsw/gen/bswmd/Fee_BSWMD.arxml"
 "C:/Users/mis1mi/Documents/projects/nevs/mode_management/ParkBrake/ecu_config/bsw/gen/swcd/EcuM_Cfg_SWCD.arxml"
 "C:/Users/mis1mi/Documents/projects/nevs/mode_management/ParkBrake/ecu_config/bsw/internal/bswmd_ecuc_values/PduR_Prot_EcucValues.arxml"
 "C:/Users/mis1mi/Documents/projects/nevs/mode_management/ParkBrake/ecu_config/bsw/gen/bswmd/ComM_Cfg_BSWMD.arxml"
 "C:/Users/mis1mi/Documents/projects/nevs/mode_management/ParkBrake/ecu_config/bsw/internal/bswmd_ecuc_values/CanIf_Prot_EcucValues.arxml"
 "C:/Users/mis1mi/Documents/projects/nevs/mode_management/ParkBrake/ecu_config/bsw/gen/Com_Flatmap.arxml"
 "C:/Users/mis1mi/Documents/projects/nevs/mode_management/ParkBrake/ParkBrake_FlatMap.arxml"
 "C:/Users/mis1mi/Documents/projects/nevs/mode_management/ParkBrake/ecu_config/bsw/gen/bswmd/NvM_Cfg_BSWMD.arxml"
 "C:/Users/mis1mi/Documents/projects/nevs/mode_management/ParkBrake/system_config/rba_CUCELCompuMethods_BSWMD.arxml"
 "C:/Users/mis1mi/Documents/projects/nevs/mode_management/ParkBrake/ecu_config/bsw/gen/bswmd/MemIf_Cfg_BSWMD.arxml"
 "C:/Users/mis1mi/Documents/projects/nevs/mode_management/ParkBrake/asw_config/SystemSWC.arxml"
 "C:/Users/mis1mi/Documents/projects/nevs/mode_management/ParkBrake/ecu_config/bsw/gen/bswmd/Com_Cfg_BSWMD.arxml"
 "C:/Users/mis1mi/Documents/projects/nevs/mode_management/ParkBrake/asw_config/ParkSWC.arxml"
 "C:/Users/mis1mi/Documents/projects/nevs/mode_management/ParkBrake/ISOLAR_PlatformTypes.arxml"
 "C:/Users/mis1mi/Documents/projects/nevs/mode_management/ParkBrake/system_config/rba_CUCELSwAddrMethod_BSWMD.arxml"
 "C:/Users/mis1mi/Documents/projects/nevs/mode_management/ParkBrake/ecu_config/bsw/gen/Com_EOC.arxml"
 "C:/Users/mis1mi/Documents/projects/nevs/mode_management/ParkBrake/asw_config/MSI_ShutDown.arxml"
 "C:/Users/mis1mi/Documents/projects/nevs/mode_management/ParkBrake/ecu_config/bsw/BswM.arxml"
 "C:/Users/mis1mi/Documents/projects/nevs/mode_management/ParkBrake/ecu_config/bsw/gen/bswmd/CanSM_BSWMD.arxml"
 "C:/Users/mis1mi/Documents/projects/nevs/mode_management/ParkBrake/ecu_config/bsw/internal/bswmd_ecuc_values/Com_Prot_EcucValues.arxml"
 "C:/Users/mis1mi/Documents/projects/nevs/mode_management/ParkBrake/system_config/PlatformOld_Types.arxml"
 "C:/Users/mis1mi/Documents/projects/nevs/mode_management/ParkBrake/asw_config/PortInterfaces.arxml"
 "C:/Users/mis1mi/Documents/projects/nevs/mode_management/ParkBrake/ecu_config/bsw/gen/bswmd/NvM_Static_Cfg_BSWMD.arxml"
 "C:/Users/mis1mi/Documents/projects/nevs/mode_management/ParkBrake/system_config/System.arxml"
 "C:/Users/mis1mi/Documents/projects/nevs/mode_management/ParkBrake/ecu_config/bsw/gen/bswmd/ComM_BSWMD.arxml"
 "C:/Users/mis1mi/Documents/projects/nevs/mode_management/ParkBrake/ecu_config/bsw/gen/bswmd/Crc_Cfg_BSWMD.arxml"
 "C:/Users/mis1mi/Documents/projects/nevs/mode_management/ParkBrake/asw_config/MemSWC.arxml"
 "C:/Users/mis1mi/Documents/projects/nevs/mode_management/ParkBrake/ecu_config/bsw/Can_BSWMD.arxml"
 "C:/Users/mis1mi/Documents/projects/nevs/mode_management/ParkBrake/system_config/Platform_Types.arxml"
 "C:/Users/mis1mi/Documents/projects/nevs/mode_management/ParkBrake/ecu_config/bsw/gen/bswmd/rba_MemLib_BSWMD.arxml"
 "C:/Users/mis1mi/Documents/projects/nevs/mode_management/ParkBrake/ecu_config/bsw/internal/bswmd_ecuc_values/CanSM_Prot_EcucValues.arxml"
 "C:/Users/mis1mi/Documents/projects/nevs/mode_management/ParkBrake/system_config/PlatformBase_Types.arxml"
 "C:/Users/mis1mi/Documents/projects/nevs/mode_management/ParkBrake/ecu_config/bsw/gen/bswmd/Bfx_BSWMD.arxml"
 "C:/Users/mis1mi/Documents/projects/nevs/mode_management/ParkBrake/ecu_config/bsw/gen/bswmd/PduR_BSWMD.arxml"
 "C:/Users/mis1mi/Documents/projects/nevs/mode_management/ParkBrake/ecu_config/bsw/gen/swcd/BswM_Cfg_SWCD.arxml"
 "C:/Users/mis1mi/Documents/projects/nevs/mode_management/ParkBrake/ecu_config/bsw/Rte_Split.arxml"
 "C:/Users/mis1mi/Documents/projects/nevs/mode_management/ParkBrake/ecu_config/bsw/Crc.arxml"
 "C:/Users/mis1mi/Documents/projects/nevs/mode_management/ParkBrake/ecu_config/bsw/gen/ComStack_Types.arxml"
 "C:/Users/mis1mi/Documents/projects/nevs/mode_management/ParkBrake/ecu_config/bsw/Bfx.arxml"
 "C:/Users/mis1mi/Documents/projects/nevs/mode_management/ParkBrake/ecu_config/bsw/internal/ComStack_EcucValues.arxml"
 "C:/Users/mis1mi/Documents/projects/nevs/mode_management/ParkBrake/ecu_config/bsw/gen/bswmd/EcuM_Cfg_BSWMD.arxml"
 "C:/Users/mis1mi/Documents/projects/nevs/mode_management/ParkBrake/ecu_config/bsw/gen/bswmd/Com_BSWMD.arxml"
 "C:/Users/mis1mi/Documents/projects/nevs/mode_management/ParkBrake/ecu_config/bsw/gen/bswmd/CanIf_BSWMD.arxml"
 "C:/Users/mis1mi/Documents/projects/nevs/mode_management/ParkBrake/ecu_config/bsw/internal/bswmd_ecuc_values/ComM_Prot_EcucValues.arxml"
 "C:/Users/mis1mi/Documents/projects/nevs/mode_management/ParkBrake/ecu_config/bsw/gen/swcd/NvM_Cfg_SWCD.arxml"
 "C:/Users/mis1mi/Documents/projects/nevs/mode_management/ParkBrake/ecu_config/bsw/gen/swcd/ComM_Cfg_SWCD.arxml"
 "C:/Users/mis1mi/Documents/projects/nevs/mode_management/ParkBrake/ParkBrake_FlatView_SWCD.arxml"
 "C:/Users/mis1mi/Documents/projects/nevs/mode_management/ParkBrake/ecu_config/bsw/gen/bswmd/CanIf_EOC.arxml"
 "C:/Users/mis1mi/Documents/projects/nevs/mode_management/ParkBrake/ecu_config/bsw/gen/bswmd/PduR_Cfg_BSWMD.arxml"
 "C:/Users/mis1mi/Documents/projects/nevs/mode_management/ParkBrake/asw_config/ComSWC.arxml"
 "C:/Users/mis1mi/Documents/projects/nevs/mode_management/ParkBrake/system_config/PlatformSwBasePatch_Types.arxml"
 "C:/Users/mis1mi/Documents/projects/nevs/mode_management/ParkBrake/ecu_config/bsw/gen/swcd/ComM_SWCD.arxml"
 "C:/Users/mis1mi/Documents/projects/nevs/mode_management/ParkBrake/ecu_config/bsw/gen/ComM_EOC.arxml"
 "C:/Users/mis1mi/Documents/projects/nevs/mode_management/ParkBrake/ecu_config/bsw/EcuM.arxml"
 "C:/Users/mis1mi/Documents/projects/nevs/mode_management/ParkBrake/EcucValueCollection_Generated.arxml"
 "C:/Users/mis1mi/Documents/projects/nevs/mode_management/ParkBrake/DBC_SysDesc.arxml"
 "C:/Users/mis1mi/Documents/projects/nevs/mode_management/ParkBrake/ecu_config/bsw/BswM_ModeMapping.arxml"
 "C:/Users/mis1mi/Documents/projects/nevs/mode_management/ParkBrake/ecu_config/bsw/gen/bswmd/PduR_EOC.arxml"
 "C:/Users/mis1mi/Documents/projects/nevs/mode_management/ParkBrake/ecu_config/rte/internal/Rte_EcucValues.arxml"
 "C:/Users/mis1mi/Documents/projects/nevs/mode_management/ParkBrake/src/bsw/CanIf/integration/Can_GeneralTypes.arxml"
 "C:/Users/mis1mi/Documents/projects/nevs/mode_management/ParkBrake/ecu_config/bsw/gen/bswmd/CanSM_Cfg_BSWMD.arxml"
 "C:/Users/mis1mi/Documents/projects/nevs/mode_management/ParkBrake/ecu_config/os/internal/Os_EcucValues.arxml"
 "C:/Users/mis1mi/Documents/projects/nevs/mode_management/ParkBrake/ecu_config/bsw/gen/_fwd/ecuc_configuration_values_fwd.arxml"
 "C:/Users/mis1mi/Documents/projects/nevs/mode_management/ParkBrake/ParkBrakeSystem_EcuExtr.arxml"
 "C:/Users/mis1mi/Documents/projects/nevs/mode_management/ParkBrake/ParkBrake_Project_EcucValues.arxml"
 "C:/Users/mis1mi/Documents/projects/nevs/mode_management/ParkBrake/asw_config/DataTypes.arxml"
